running egg_info
creating ../../build/tulpar_description/tulpar_description.egg-info
writing ../../build/tulpar_description/tulpar_description.egg-info/PKG-INFO
writing dependency_links to ../../build/tulpar_description/tulpar_description.egg-info/dependency_links.txt
writing entry points to ../../build/tulpar_description/tulpar_description.egg-info/entry_points.txt
writing requirements to ../../build/tulpar_description/tulpar_description.egg-info/requires.txt
writing top-level names to ../../build/tulpar_description/tulpar_description.egg-info/top_level.txt
writing manifest file '../../build/tulpar_description/tulpar_description.egg-info/SOURCES.txt'
reading manifest file '../../build/tulpar_description/tulpar_description.egg-info/SOURCES.txt'
writing manifest file '../../build/tulpar_description/tulpar_description.egg-info/SOURCES.txt'
running build
running build_py
creating /root/tulpar_ika_ws/build/tulpar_description/build
creating /root/tulpar_ika_ws/build/tulpar_description/build/lib
creating /root/tulpar_ika_ws/build/tulpar_description/build/lib/tulpar_description
copying tulpar_description/__init__.py -> /root/tulpar_ika_ws/build/tulpar_description/build/lib/tulpar_description
running install
running install_lib
creating /root/tulpar_ika_ws/install/tulpar_description/lib/python3.10/site-packages/tulpar_description
copying /root/tulpar_ika_ws/build/tulpar_description/build/lib/tulpar_description/__init__.py -> /root/tulpar_ika_ws/install/tulpar_description/lib/python3.10/site-packages/tulpar_description
byte-compiling /root/tulpar_ika_ws/install/tulpar_description/lib/python3.10/site-packages/tulpar_description/__init__.py to __init__.cpython-310.pyc
running install_data
creating /root/tulpar_ika_ws/install/tulpar_description/share/ament_index
creating /root/tulpar_ika_ws/install/tulpar_description/share/ament_index/resource_index
creating /root/tulpar_ika_ws/install/tulpar_description/share/ament_index/resource_index/packages
copying resource/tulpar_description -> /root/tulpar_ika_ws/install/tulpar_description/share/ament_index/resource_index/packages
copying package.xml -> /root/tulpar_ika_ws/install/tulpar_description/share/tulpar_description
creating /root/tulpar_ika_ws/install/tulpar_description/share/tulpar_description/launch
copying launch/gazebo.launch.py -> /root/tulpar_ika_ws/install/tulpar_description/share/tulpar_description/launch
creating /root/tulpar_ika_ws/install/tulpar_description/share/tulpar_description/urdf
copying urdf/robot.urdf.xacro -> /root/tulpar_ika_ws/install/tulpar_description/share/tulpar_description/urdf
creating /root/tulpar_ika_ws/install/tulpar_description/share/tulpar_description/meshes
copying meshes/sasi.stl -> /root/tulpar_ika_ws/install/tulpar_description/share/tulpar_description/meshes
running install_egg_info
Copying ../../build/tulpar_description/tulpar_description.egg-info to /root/tulpar_ika_ws/install/tulpar_description/lib/python3.10/site-packages/tulpar_description-0.0.0-py3.10.egg-info
running install_scripts
writing list of installed files to '/root/tulpar_ika_ws/build/tulpar_description/install.log'
