[0.627s] Invoking command in '/root/tulpar_ika_ws/src/tulpar_description': PYTHONPATH=/root/tulpar_ika_ws/build/tulpar_description/prefix_override:/usr/lib/python3/dist-packages/colcon_core/task/python/colcon_distutils_commands:/root/tulpar_ika_ws/install/tulpar_description/lib/python3.10/site-packages:${PYTHONPATH} /usr/bin/python3 -W ignore:setup.py install is deprecated -W ignore:easy_install command is deprecated setup.py egg_info --egg-base ../../build/tulpar_description build --build-base /root/tulpar_ika_ws/build/tulpar_description/build install --record /root/tulpar_ika_ws/build/tulpar_description/install.log --single-version-externally-managed install_data
[0.855s] running egg_info
[0.856s] creating ../../build/tulpar_description/tulpar_description.egg-info
[0.856s] writing ../../build/tulpar_description/tulpar_description.egg-info/PKG-INFO
[0.856s] writing dependency_links to ../../build/tulpar_description/tulpar_description.egg-info/dependency_links.txt
[0.857s] writing entry points to ../../build/tulpar_description/tulpar_description.egg-info/entry_points.txt
[0.857s] writing requirements to ../../build/tulpar_description/tulpar_description.egg-info/requires.txt
[0.857s] writing top-level names to ../../build/tulpar_description/tulpar_description.egg-info/top_level.txt
[0.857s] writing manifest file '../../build/tulpar_description/tulpar_description.egg-info/SOURCES.txt'
[0.858s] reading manifest file '../../build/tulpar_description/tulpar_description.egg-info/SOURCES.txt'
[0.859s] writing manifest file '../../build/tulpar_description/tulpar_description.egg-info/SOURCES.txt'
[0.859s] running build
[0.859s] running build_py
[0.860s] creating /root/tulpar_ika_ws/build/tulpar_description/build
[0.860s] creating /root/tulpar_ika_ws/build/tulpar_description/build/lib
[0.860s] creating /root/tulpar_ika_ws/build/tulpar_description/build/lib/tulpar_description
[0.860s] copying tulpar_description/__init__.py -> /root/tulpar_ika_ws/build/tulpar_description/build/lib/tulpar_description
[0.860s] running install
[0.860s] running install_lib
[0.861s] creating /root/tulpar_ika_ws/install/tulpar_description/lib/python3.10/site-packages/tulpar_description
[0.861s] copying /root/tulpar_ika_ws/build/tulpar_description/build/lib/tulpar_description/__init__.py -> /root/tulpar_ika_ws/install/tulpar_description/lib/python3.10/site-packages/tulpar_description
[0.862s] byte-compiling /root/tulpar_ika_ws/install/tulpar_description/lib/python3.10/site-packages/tulpar_description/__init__.py to __init__.cpython-310.pyc
[0.862s] running install_data
[0.862s] creating /root/tulpar_ika_ws/install/tulpar_description/share/ament_index
[0.862s] creating /root/tulpar_ika_ws/install/tulpar_description/share/ament_index/resource_index
[0.862s] creating /root/tulpar_ika_ws/install/tulpar_description/share/ament_index/resource_index/packages
[0.862s] copying resource/tulpar_description -> /root/tulpar_ika_ws/install/tulpar_description/share/ament_index/resource_index/packages
[0.863s] copying package.xml -> /root/tulpar_ika_ws/install/tulpar_description/share/tulpar_description
[0.863s] creating /root/tulpar_ika_ws/install/tulpar_description/share/tulpar_description/launch
[0.863s] copying launch/gazebo.launch.py -> /root/tulpar_ika_ws/install/tulpar_description/share/tulpar_description/launch
[0.863s] creating /root/tulpar_ika_ws/install/tulpar_description/share/tulpar_description/urdf
[0.863s] copying urdf/robot.urdf.xacro -> /root/tulpar_ika_ws/install/tulpar_description/share/tulpar_description/urdf
[0.863s] creating /root/tulpar_ika_ws/install/tulpar_description/share/tulpar_description/meshes
[0.863s] copying meshes/sasi.stl -> /root/tulpar_ika_ws/install/tulpar_description/share/tulpar_description/meshes
[0.890s] running install_egg_info
[0.892s] Copying ../../build/tulpar_description/tulpar_description.egg-info to /root/tulpar_ika_ws/install/tulpar_description/lib/python3.10/site-packages/tulpar_description-0.0.0-py3.10.egg-info
[0.893s] running install_scripts
[0.917s] writing list of installed files to '/root/tulpar_ika_ws/build/tulpar_description/install.log'
[0.948s] Invoked command in '/root/tulpar_ika_ws/src/tulpar_description' returned '0': PYTHONPATH=/root/tulpar_ika_ws/build/tulpar_description/prefix_override:/usr/lib/python3/dist-packages/colcon_core/task/python/colcon_distutils_commands:/root/tulpar_ika_ws/install/tulpar_description/lib/python3.10/site-packages:${PYTHONPATH} /usr/bin/python3 -W ignore:setup.py install is deprecated -W ignore:easy_install command is deprecated setup.py egg_info --egg-base ../../build/tulpar_description build --build-base /root/tulpar_ika_ws/build/tulpar_description/build install --record /root/tulpar_ika_ws/build/tulpar_description/install.log --single-version-externally-managed install_data
