[1.171s] Invoking command in '/home/zehra/Masaüstü/tulpar_ika_ws/src/tulpar_description': DEBUGINFOD_URLS=https://debuginfod.ubuntu.com PYTHONPATH=/home/zehra/Masaüstü/tulpar_ika_ws/build/tulpar_description/prefix_override:/usr/lib/python3/dist-packages/colcon_core/task/python/colcon_distutils_commands:/home/zehra/Masaüstü/tulpar_ika_ws/install/tulpar_description/lib/python3.12/site-packages:${PYTHONPATH} VIRTUAL_ENV_PROMPT=(stl_env) /usr/bin/python3 -W ignore:setup.py install is deprecated -W ignore:easy_install command is deprecated setup.py egg_info --egg-base ../../build/tulpar_description build --build-base /home/zehra/Masaüstü/tulpar_ika_ws/build/tulpar_description/build install --record /home/zehra/Masaüstü/tulpar_ika_ws/build/tulpar_description/install.log --single-version-externally-managed install_data
[1.556s] running egg_info
[1.582s] writing ../../build/tulpar_description/tulpar_description.egg-info/PKG-INFO
[1.582s] writing dependency_links to ../../build/tulpar_description/tulpar_description.egg-info/dependency_links.txt
[1.582s] writing requirements to ../../build/tulpar_description/tulpar_description.egg-info/requires.txt
[1.583s] writing top-level names to ../../build/tulpar_description/tulpar_description.egg-info/top_level.txt
[1.633s] reading manifest file '../../build/tulpar_description/tulpar_description.egg-info/SOURCES.txt'
[1.634s] writing manifest file '../../build/tulpar_description/tulpar_description.egg-info/SOURCES.txt'
[1.634s] running build
[1.635s] running build_py
[1.635s] running install
[1.648s] running install_lib
[1.672s] running install_data
[1.672s] copying urdf/robot.urdf.xacro -> /home/zehra/Masaüstü/tulpar_ika_ws/install/tulpar_description/share/tulpar_description/urdf
[1.672s] running install_egg_info
[1.697s] removing '/home/zehra/Masaüstü/tulpar_ika_ws/install/tulpar_description/lib/python3.12/site-packages/tulpar_description-0.0.0-py3.12.egg-info' (and everything under it)
[1.697s] Copying ../../build/tulpar_description/tulpar_description.egg-info to /home/zehra/Masaüstü/tulpar_ika_ws/install/tulpar_description/lib/python3.12/site-packages/tulpar_description-0.0.0-py3.12.egg-info
[1.698s] running install_scripts
[1.892s] writing list of installed files to '/home/zehra/Masaüstü/tulpar_ika_ws/build/tulpar_description/install.log'
[1.947s] Invoked command in '/home/zehra/Masaüstü/tulpar_ika_ws/src/tulpar_description' returned '0': DEBUGINFOD_URLS=https://debuginfod.ubuntu.com PYTHONPATH=/home/zehra/Masaüstü/tulpar_ika_ws/build/tulpar_description/prefix_override:/usr/lib/python3/dist-packages/colcon_core/task/python/colcon_distutils_commands:/home/zehra/Masaüstü/tulpar_ika_ws/install/tulpar_description/lib/python3.12/site-packages:${PYTHONPATH} VIRTUAL_ENV_PROMPT=(stl_env) /usr/bin/python3 -W ignore:setup.py install is deprecated -W ignore:easy_install command is deprecated setup.py egg_info --egg-base ../../build/tulpar_description build --build-base /home/zehra/Masaüstü/tulpar_ika_ws/build/tulpar_description/build install --record /home/zehra/Masaüstü/tulpar_ika_ws/build/tulpar_description/install.log --single-version-externally-managed install_data
