running egg_info
writing ../../build/tulpar_description/tulpar_description.egg-info/PKG-INFO
writing dependency_links to ../../build/tulpar_description/tulpar_description.egg-info/dependency_links.txt
deleting ../../build/tulpar_description/tulpar_description.egg-info/entry_points.txt
writing requirements to ../../build/tulpar_description/tulpar_description.egg-info/requires.txt
writing top-level names to ../../build/tulpar_description/tulpar_description.egg-info/top_level.txt
reading manifest file '../../build/tulpar_description/tulpar_description.egg-info/SOURCES.txt'
writing manifest file '../../build/tulpar_description/tulpar_description.egg-info/SOURCES.txt'
running build
running build_py
running install
running install_lib
creating /home/zehra/Masaüstü/tulpar_ika_ws/install/tulpar_description/lib/python3.12/site-packages/tulpar_description
copying /home/zehra/Masaüstü/tulpar_ika_ws/build/tulpar_description/build/lib/tulpar_description/__init__.py -> /home/zehra/Masaüstü/tulpar_ika_ws/install/tulpar_description/lib/python3.12/site-packages/tulpar_description
byte-compiling /home/zehra/Masaüstü/tulpar_ika_ws/install/tulpar_description/lib/python3.12/site-packages/tulpar_description/__init__.py to __init__.cpython-312.pyc
running install_data
copying urdf/robot.urdf.xacro -> /home/zehra/Masaüstü/tulpar_ika_ws/install/tulpar_description/share/tulpar_description/urdf
running install_egg_info
Copying ../../build/tulpar_description/tulpar_description.egg-info to /home/zehra/Masaüstü/tulpar_ika_ws/install/tulpar_description/lib/python3.12/site-packages/tulpar_description-0.0.0-py3.12.egg-info
running install_scripts
writing list of installed files to '/home/zehra/Masaüstü/tulpar_ika_ws/build/tulpar_description/install.log'
